[INFO] Scanning for projects...
[INFO] 
[INFO] -----------------------< com.gigshield:backend >------------------------
[INFO] Building  0.0.1-SNAPSHOT
[INFO]   from pom.xml
[INFO] --------------------------------[ jar ]---------------------------------
[INFO] 
[INFO] --- resources:3.3.1:resources (default-resources) @ backend ---
[INFO] Copying 1 resource from src\main\resources to target\classes
[INFO] Copying 0 resource from src\main\resources to target\classes
[INFO] 
[INFO] --- compiler:3.14.1:compile (default-compile) @ backend ---
[INFO] Recompiling the module because of changed source code.
[INFO] Compiling 39 source files with javac [debug parameters release 21] to target\classes
[INFO] /F:/New folder (2)/gigshield/backend/src/main/java/com/gigshield/backend/integration/MLClient.java: F:\New folder (2)\gigshield\backend\src\main\java\com\gigshield\backend\integration\MLClient.java uses unchecked or unsafe operations.
[INFO] /F:/New folder (2)/gigshield/backend/src/main/java/com/gigshield/backend/integration/MLClient.java: Recompile with -Xlint:unchecked for details.
[INFO] ------------------------------------------------------------------------
[INFO] BUILD SUCCESS
[INFO] ------------------------------------------------------------------------
[INFO] Total time:  5.522 s
[INFO] Finished at: 2026-04-04T16:32:31+05:30
[INFO] ------------------------------------------------------------------------
